Compiling 1 files with Solc 0.8.28
Solc 0.8.28 finished in 1.01s
Compiler run successful!
No files changed, compilation skipped

Ran 27 tests for test/RedeemEQTY.t.sol:RedeemEQTYTest
[PASS] test_availableETH_excludesPendingFees() (gas: 111586)
[PASS] test_constructor_revertsOnZeroFoundation() (gas: 87100)
[PASS] test_constructor_revertsOnZeroToken() (gas: 87148)
[PASS] test_constructor_setsValues() (gas: 20579)
[PASS] test_receive_acceptsETH() (gas: 20245)
[PASS] test_redeem_noFees() (gas: 85489)
[PASS] test_redeem_revertsWithInsufficientBalance() (gas: 55652)
[PASS] test_redeem_revertsWithNoETH() (gas: 791747)
[PASS] test_redeem_revertsWithoutApproval() (gas: 26990)
[PASS] test_redeem_with100PercentFees() (gas: 124339)
[PASS] test_redeem_withBothFees() (gas: 159554)
[PASS] test_redeem_withEqtyFee() (gas: 138298)
[PASS] test_redeem_withEthFee() (gas: 110001)
[PASS] test_setFoundationEqtyFee_allowsMax() (gas: 15804)
[PASS] test_setFoundationEqtyFee_revertsIfTooHigh() (gas: 10994)
[PASS] test_setFoundationEqtyFee_success() (gas: 16210)
[PASS] test_setFoundationEthFee_allowsMax() (gas: 15177)
[PASS] test_setFoundationEthFee_revertsIfTooHigh() (gas: 11386)
[PASS] test_setFoundationEthFee_success() (gas: 15208)
[PASS] test_setFoundationWallet_success() (gas: 19698)
[PASS] test_setRedeemAmount_allowsVeryHighAmount() (gas: 15329)
[PASS] test_setRedeemAmount_revertsIfZero() (gas: 11351)
[PASS] test_setRedeemAmount_success() (gas: 15517)
[PASS] test_withdrawFoundationEqty_revertsIfNoFees() (gas: 11095)
[PASS] test_withdrawFoundationEqty_success() (gas: 150049)
[PASS] test_withdrawFoundationEth_revertsIfNoFees() (gas: 11408)
[PASS] test_withdrawFoundationEth_success() (gas: 135332)
Suite result: ok. 27 passed; 0 failed; 0 skipped; finished in 10.25ms (5.59ms CPU time)

Ran 20 tests for test/Anchor.t.sol:AnchorTest
[PASS] testFuzz_anchor_arbitraryKeys(bytes32,bytes32) (runs: 256, ╬╝: 45504, ~: 45471)
[PASS] testFuzz_anchor_batchSize(uint8) (runs: 256, ╬╝: 104639, ~: 60641)
[PASS] test_anchor_batch10() (gas: 75199)
[PASS] test_anchor_batch100() (gas: 372105)
[PASS] test_anchor_burnsEQTYAsFee() (gas: 47658)
[PASS] test_anchor_emitsEvent() (gas: 48340)
[PASS] test_anchor_emptyArray() (gas: 21414)
[PASS] test_anchor_noFeeWhenNoToken() (gas: 21694)
[PASS] test_anchor_noFeeWhenZeroFee() (gas: 28326)
[PASS] test_anchor_revertsTooManyAnchors() (gas: 120103)
[PASS] test_anchor_sameTimestampInBatch() (gas: 57056)
[PASS] test_anchor_withZeroValue() (gas: 47720)
[PASS] test_constructor_setsOwner() (gas: 9892)
[PASS] test_deployment_successful() (gas: 2731)
[PASS] test_initialState_noFeeConfigured() (gas: 359987)
[PASS] test_setAnchorFee_onlyOwner() (gas: 14764)
[PASS] test_setAnchorFee_revertsForNonOwner() (gas: 13457)
[PASS] test_setEqtyToken_onlyOwner() (gas: 19814)
[PASS] test_setEqtyToken_revertsForNonOwner() (gas: 13893)
[PASS] test_transferOwnership_twoStep() (gas: 33190)
Suite result: ok. 20 passed; 0 failed; 0 skipped; finished in 45.96ms (64.74ms CPU time)

Ran 17 tests for test/EQTY.t.sol:EQTYTest
[PASS] testFuzz_burn_reducesSupply(uint256) (runs: 256, ╬╝: 65645, ~: 66123)
[PASS] testFuzz_mint_respectsCap(uint256) (runs: 256, ╬╝: 62084, ~: 63017)
[PASS] testFuzz_transfer_works(uint256) (runs: 256, ╬╝: 90029, ~: 91118)
[PASS] test_approve_and_transferFrom() (gas: 97892)
[PASS] test_burnFrom_revertsWithoutApproval() (gas: 67368)
[PASS] test_burnFrom_withApproval() (gas: 75487)
[PASS] test_burn_works() (gas: 66868)
[PASS] test_constructor_revertsDeadlineInPast() (gas: 84187)
[PASS] test_constructor_revertsZeroBridgeWallet() (gas: 84289)
[PASS] test_constructor_setsValues() (gas: 22939)
[PASS] test_mint_emitsBridgeMintEvent() (gas: 62811)
[PASS] test_mint_onlyBridgeWallet() (gas: 61822)
[PASS] test_mint_respectsCap() (gas: 65898)
[PASS] test_mint_revertsAfterDeadline() (gas: 16246)
[PASS] test_mint_revertsForNonBridge() (gas: 11926)
[PASS] test_mint_worksAtDeadline() (gas: 65007)
[PASS] test_transfer_works() (gas: 91509)
Suite result: ok. 17 passed; 0 failed; 0 skipped; finished in 46.09ms (61.67ms CPU time)

Ran 3 test suites in 74.48ms (102.31ms CPU time): 64 tests passed, 0 failed, 0 skipped (64 total tests)
